// Jest Snapshot v1, https://goo.gl/fbAQLP

exports[`color test testing for color 1`] = `
<Fragment>
  <h2>
    sunshine
  </h2>
  <div
    style={
      Object {
        "backgroundColor": "rgba(255, 299, 0, 1)",
        "borderRadius": "10px",
        "height": "50px",
        "width": "50px",
      }
    }
  />
  <h3>
    RGB
  </h3>
  <ul>
    <li>
      Red: 
      255
    </li>
    <li>
      Green: 
      299
    </li>
    <li>
      Blue: 
      0
    </li>
  </ul>
</Fragment>
`;
